{"severity":"INFO","time":"2026-03-27T06:20:59.942Z","pid":35092,"hostname":"EpiKStation","msg":"[Redis] connected"}
<?xml version="1.0" encoding="UTF-8" ?>
<testsuites name="vitest tests" tests="32" failures="0" errors="0" time="0.4151341">
    <testsuite name="server/tests/gameEngine.integration.test.ts" timestamp="2026-03-27T06:21:00.320Z" hostname="EpiKStation" tests="32" failures="0" errors="0" skipped="0" time="0.4151341">
        <testcase classname="server/tests/gameEngine.integration.test.ts" name="Phase Transitions &gt; nominateChancellor transitions to Voting (no Broker)" time="0.0044758">
        </testcase>
        <testcase classname="server/tests/gameEngine.integration.test.ts" name="Phase Transitions &gt; nominateChancellor rejects ineligible chancellor (wasChancellor)" time="0.0004191">
        </testcase>
        <testcase classname="server/tests/gameEngine.integration.test.ts" name="Phase Transitions &gt; passed election transitions to Legislative_President" time="0.0029283">
        </testcase>
        <testcase classname="server/tests/gameEngine.integration.test.ts" name="Phase Transitions &gt; president discard transitions to Legislative_Chancellor" time="0.0013694">
        </testcase>
        <testcase classname="server/tests/gameEngine.integration.test.ts" name="Phase Transitions &gt; chancellor play enacts policy and resets electionTracker" time="0.0010982">
        </testcase>
        <testcase classname="server/tests/gameEngine.integration.test.ts" name="Phase Transitions &gt; failed election increments electionTracker" time="0.0010747">
        </testcase>
        <testcase classname="server/tests/gameEngine.integration.test.ts" name="Phase Transitions &gt; electionTracker = 3 triggers chaos policy enactment" time="0.0009044">
        </testcase>
        <testcase classname="server/tests/gameEngine.integration.test.ts" name="Timer Expiry Paths &gt; Nominate_Chancellor timer auto-nominates an eligible player" time="0.0295374">
        </testcase>
        <testcase classname="server/tests/gameEngine.integration.test.ts" name="Timer Expiry Paths &gt; Voting timer auto-casts votes for abstaining players" time="0.0097525">
        </testcase>
        <testcase classname="server/tests/gameEngine.integration.test.ts" name="Timer Expiry Paths &gt; Legislative_President timer auto-discards a policy" time="0.0010687">
        </testcase>
        <testcase classname="server/tests/gameEngine.integration.test.ts" name="Timer Expiry Paths &gt; Legislative_Chancellor timer auto-enacts a policy" time="0.0005881">
        </testcase>
        <testcase classname="server/tests/gameEngine.integration.test.ts" name="Title Role Abilities &gt; Assassin kills target when ability is used" time="0.0006666">
        </testcase>
        <testcase classname="server/tests/gameEngine.integration.test.ts" name="Title Role Abilities &gt; Assassin ending game immediately when targeting Overseer" time="0.2397735">
        </testcase>
        <testcase classname="server/tests/gameEngine.integration.test.ts" name="Title Role Abilities &gt; Strategist draws 4 policies when ability is used" time="0.0006866">
        </testcase>
        <testcase classname="server/tests/gameEngine.integration.test.ts" name="Title Role Abilities &gt; Strategist drawing normal 3 when ability is declined" time="0.0004007">
        </testcase>
        <testcase classname="server/tests/gameEngine.integration.test.ts" name="Title Role Abilities &gt; Broker rejects chancellor candidate and forces re-nomination" time="0.0003389">
        </testcase>
        <testcase classname="server/tests/gameEngine.integration.test.ts" name="Title Role Abilities &gt; Interdictor detains target for the round" time="0.000329">
        </testcase>
        <testcase classname="server/tests/gameEngine.integration.test.ts" name="Title Role Abilities &gt; Handler swaps next two presidents in presidential order" time="0.0004391">
        </testcase>
        <testcase classname="server/tests/gameEngine.integration.test.ts" name="Title Role Abilities &gt; Auditor peeks at the discard pile (no target needed)" time="0.0012582">
        </testcase>
        <testcase classname="server/tests/gameEngine.integration.test.ts" name="Executive Actions &gt; Execution kills the target player" time="0.0013695">
        </testcase>
        <testcase classname="server/tests/gameEngine.integration.test.ts" name="Executive Actions &gt; Execution targeting Overseer ends the game (Civil win)" time="0.1061658">
        </testcase>
        <testcase classname="server/tests/gameEngine.integration.test.ts" name="Executive Actions &gt; Investigate emits investigationResult to president socket" time="0.0016831">
        </testcase>
        <testcase classname="server/tests/gameEngine.integration.test.ts" name="Executive Actions &gt; Investigate returns Civil for Civil-role players" time="0.0004126">
        </testcase>
        <testcase classname="server/tests/gameEngine.integration.test.ts" name="Executive Actions &gt; SpecialElection sets the target as next president" time="0.0002623">
        </testcase>
        <testcase classname="server/tests/gameEngine.integration.test.ts" name="Victory Conditions &gt; Civil wins when 5 Civil directives are enacted" time="0.0016605">
        </testcase>
        <testcase classname="server/tests/gameEngine.integration.test.ts" name="Victory Conditions &gt; State wins when 6 State directives are enacted" time="0.0015067">
        </testcase>
        <testcase classname="server/tests/gameEngine.integration.test.ts" name="Victory Conditions &gt; Overseer elected chancellor after 3 State directives causes State win" time="0.001481">
        </testcase>
        <testcase classname="server/tests/gameEngine.integration.test.ts" name="Presidential Rotation &gt; presidency advances to the next alive player each round" time="0.0004777">
        </testcase>
        <testcase classname="server/tests/gameEngine.integration.test.ts" name="Presidential Rotation &gt; presidency skips dead players in rotation" time="0.0003702">
        </testcase>
        <testcase classname="server/tests/gameEngine.integration.test.ts" name="Eligibility Guards &gt; getEligibleChancellors excludes detainedPlayerId" time="0.0002066">
        </testcase>
        <testcase classname="server/tests/gameEngine.integration.test.ts" name="Eligibility Guards &gt; getEligibleChancellors excludes rejectedChancellorId" time="0.0001892">
        </testcase>
        <testcase classname="server/tests/gameEngine.integration.test.ts" name="Eligibility Guards &gt; getEligibleChancellors excludes wasPresident when &gt;= 6 alive players" time="0.0002184">
        </testcase>
    </testsuite>
</testsuites>
